// Jest Snapshot v1, https://goo.gl/fbAQLP

exports[`cics enable localFile should not have changed 1`] = `
{
  "aliases": [
    "lf",
  ],
  "description": "Enable a local file from CICS.",
  "examples": [
    {
      "description": "Enable a local file named FILE from the region named MYREGION",
      "options": "FILE --region-name MYREGION",
    },
  ],
  "name": "local-file",
  "options": [
    {
      "description": "The CICS region name in which to enable the local file",
      "name": "region-name",
      "type": "string",
    },
    {
      "description": "The name of the CICSPlex to which to enable the local file",
      "name": "cics-plex",
      "type": "string",
    },
  ],
  "positionals": [
    {
      "description": "The name of the local file to enable.",
      "name": "name",
      "required": true,
      "type": "string",
    },
  ],
  "profile": {
    "optional": [
      "cics",
    ],
  },
  "type": "command",
}
`;
