// Jest Snapshot v1, https://goo.gl/fbAQLP

exports[`cics enable urimap should not have changed 1`] = `
{
  "aliases": [
    "en",
  ],
  "description": "Enable resources from CICS through IBM CMCI.",
  "name": "enable",
  "passOn": [
    {
      "ignoreNodes": [
        {
          "type": "group",
        },
      ],
      "merge": true,
      "property": "options",
      "value": [
        {
          "aliases": [
            "H",
          ],
          "description": "The CICS server host name.",
          "group": "Cics Connection Options",
          "name": "host",
          "type": "string",
        },
        {
          "aliases": [
            "P",
          ],
          "defaultValue": 443,
          "description": "The CICS server port.",
          "group": "Cics Connection Options",
          "name": "port",
          "type": "number",
        },
        {
          "aliases": [
            "u",
          ],
          "description": "Mainframe (CICS) user name, which can be the same as your TSO login.",
          "group": "Cics Connection Options",
          "name": "user",
          "type": "string",
        },
        {
          "aliases": [
            "pw",
          ],
          "description": "Mainframe (CICS) password, which can be the same as your TSO password.",
          "group": "Cics Connection Options",
          "name": "password",
          "type": "string",
        },
        {
          "aliases": [
            "ru",
          ],
          "defaultValue": true,
          "description": "Reject self-signed certificates.",
          "group": "Cics Connection Options",
          "name": "reject-unauthorized",
          "type": "boolean",
        },
        {
          "aliases": [
            "o",
          ],
          "allowableValues": {
            "caseSensitive": false,
            "values": [
              "http",
              "https",
            ],
          },
          "defaultValue": "https",
          "description": "Specifies CMCI protocol (http or https).",
          "group": "Cics Connection Options",
          "name": "protocol",
          "type": "string",
        },
      ],
    },
  ],
  "summary": "Enable resources from CICS",
  "type": "group",
}
`;
