// Jest Snapshot v1, https://goo.gl/fbAQLP

exports[`imperative config should match the snapshot 1`] = `
{
  "commandModuleGlobs": [
    "*/*.definition!(.d).*s",
  ],
  "name": "cics",
  "productDisplayName": "CLI Plug-in for IBM CICS",
  "profiles": [
    {
      "schema": {
        "description": "A cics profile is required to issue commands in the cics command group that interact with CICS regions. The cics profile contains your host, port, user name, and password for the IBM CICS management client interface (CMCI) server of your choice.",
        "properties": {
          "cicsPlex": {
            "optionDefinition": {
              "description": "The name of the CICSPlex to interact with",
              "name": "cics-plex",
              "type": "string",
            },
            "type": "string",
          },
          "host": {
            "optionDefinition": {
              "aliases": [
                "H",
              ],
              "description": "The CMCI server host name",
              "name": "host",
              "type": "string",
            },
            "type": "string",
          },
          "password": {
            "optionDefinition": {
              "aliases": [
                "p",
              ],
              "description": "Your password to connect to CICS",
              "implies": [
                "user",
              ],
              "name": "password",
              "type": "string",
            },
            "secure": true,
            "type": "string",
          },
          "port": {
            "optionDefinition": {
              "aliases": [
                "P",
              ],
              "defaultValue": 1490,
              "description": "The CMCI server port",
              "name": "port",
              "type": "number",
            },
            "type": "number",
          },
          "protocol": {
            "optionDefinition": {
              "aliases": [
                "o",
              ],
              "allowableValues": {
                "caseSensitive": false,
                "values": [
                  "http",
                  "https",
                ],
              },
              "defaultValue": "https",
              "description": "Specifies CMCI protocol (http or https).",
              "group": "Cics Connection Options",
              "name": "protocol",
              "type": "string",
            },
            "type": "string",
          },
          "regionName": {
            "optionDefinition": {
              "description": "The name of the CICS region name to interact with",
              "name": "region-name",
              "type": "string",
            },
            "type": "string",
          },
          "rejectUnauthorized": {
            "optionDefinition": {
              "aliases": [
                "ru",
              ],
              "defaultValue": true,
              "description": "Reject self-signed certificates.",
              "group": "Cics Connection Options",
              "name": "reject-unauthorized",
              "type": "boolean",
            },
            "type": "boolean",
          },
          "user": {
            "optionDefinition": {
              "aliases": [
                "u",
              ],
              "description": "Your username to connect to CICS",
              "implies": [
                "password",
              ],
              "name": "user",
              "type": "string",
            },
            "secure": true,
            "type": "string",
          },
        },
        "required": [],
        "title": "CICS Profile",
        "type": "object",
        "version": "6.7.0",
      },
      "type": "cics",
    },
  ],
  "rootCommandDescription": "Interact with IBM CICS programs and transactions.",
}
`;
