// Jest Snapshot v1, https://goo.gl/fbAQLP

exports[`cics enable program should not have changed 1`] = `
{
  "aliases": [
    "prog",
  ],
  "description": "Enable a program from CICS.",
  "examples": [
    {
      "description": "Enable a program named PROGRAM1 from the region named MYREGION",
      "options": "PROGRAM1 --region-name MYREGION",
    },
  ],
  "name": "program",
  "options": [
    {
      "description": "The CICS region name in which to enable the program",
      "name": "region-name",
      "type": "string",
    },
    {
      "description": "The name of the CICSPlex to which to enable the program",
      "name": "cics-plex",
      "type": "string",
    },
  ],
  "positionals": [
    {
      "description": "The name of the program to enable. The maximum length is eight characters.",
      "name": "name",
      "required": true,
      "type": "string",
    },
  ],
  "profile": {
    "optional": [
      "cics",
    ],
  },
  "type": "command",
}
`;
