// Jest Snapshot v1, https://goo.gl/fbAQLP

exports[`enableProgramHandler should call the enableProgram api 1`] = `"The program '%s' was enabled successfully."`;

exports[`enableProgramHandler should call the enableProgram api 2`] = `
{
  "response": {
    "records": "testing",
    "resultsummary": {
      "api_response1": "1024",
      "api_response2": "0",
      "displayed_recordcount": "0",
      "recordcount": "0",
    },
  },
}
`;
